[de.ifmo.ru/index.html]
[backblue.gif]
[fade.gif]
[index.html]
[de.ifmo.ru/favicon.ico]
[de.ifmo.ru/--template/style.css]
[de.ifmo.ru/--images/5-02a.gif]
[de.ifmo.ru/--images/s.gif]
[de.ifmo.ru/--images/mobile_dlc.png]
[de.ifmo.ru/--images/VK.png]
[de.ifmo.ru/--images/google.png]
[de.ifmo.ru/--images/facebook.png]
[de.ifmo.ru/--images/twitter.png]
[de.ifmo.ru/--images/youtube.png]
[de.ifmo.ru/--images/ustream.png]
[de.ifmo.ru/--images/small_itmo.png]
[de.ifmo.ru/--images/small_isu.png]
[de.ifmo.ru/--images/small_lib.png]
[de.ifmo.ru/--images/small_rio.png]
[de.ifmo.ru/--images/small_ntv.png]
[de.ifmo.ru/--images/small_abit.png]
[de.ifmo.ru/index857a.html]
[de.ifmo.ru/index54cd.html]
[de.ifmo.ru/index5f0d.html]
[de.ifmo.ru/index3b9f.html]
[de.ifmo.ru/indexb044.html]
[de.ifmo.ru/m/index.html]
[de.ifmo.ru/index6374.html]
[de.ifmo.ru/index25f1.html]
[de.ifmo.ru/indexcbba.html]
[de.ifmo.ru/indexd95c.html]
[de.ifmo.ru/--images/logo_art_transeparent.png]
[de.ifmo.ru/--images/logo_med_transparent_1897.png]
[de.ifmo.ru/--images/rector.jpg]
[de.ifmo.ru/indexe55a.html]
[de.ifmo.ru/indexd5b5.html]
[de.ifmo.ru/getKeyRegistration.html]
[de.ifmo.ru/--images/courses_ifmo_ru.png]
[de.ifmo.ru/--images/ilectures_ifmo_ru_gray.png]
[de.ifmo.ru/--images/open_ifmo_ru.png]
[de.ifmo.ru/--images/team_ifmo_ru.png]
[de.ifmo.ru/--images/5-02b.gif]
[de.ifmo.ru/index.html]
[de.ifmo.ru/--images/newyear_top4.jpg]
[de.ifmo.ru/--images/newyear_top1.jpg]
[de.ifmo.ru/--template/none]
[de.ifmo.ru/--template/style.css]
[de.ifmo.ru/m/index-2.html]
[de.ifmo.ru/m/resources/tr.gif]
[de.ifmo.ru/m/min/index74a2.html]
[de.ifmo.ru/m/indexe7b3.html]
[de.ifmo.ru/m/min/indexc693.html]
[de.ifmo.ru/m/indexe073.html]
[de.ifmo.ru/m/index3160.html]
[de.ifmo.ru/m/indexfe9c.html]
[de.ifmo.ru/m/index587a.html]
[de.ifmo.ru/m/index.html]
[de.ifmo.ru/--doc/20122013spring.pdf]
[de.ifmo.ru/--doc/semanticNT.pdf]
[de.ifmo.ru/m/links/index.html]
[de.ifmo.ru/--doc/report_1_4_1_p2_site.pdf]
[de.ifmo.ru/servlet/index8b96.html]
[de.ifmo.ru/--doc/report_1_4_1_p5_site.pdf]
[de.ifmo.ru/--doc/report_1_4_1_p4_site.pdf]
[de.ifmo.ru/--doc/report_1_4_1_p6_site.pdf]
[de.ifmo.ru/--data/-cyber-net_2008_05.html]
[de.ifmo.ru/indexec4f.html]
[de.ifmo.ru/exam/photo_8.html]
[de.ifmo.ru/exam/photo_7.html]
[de.ifmo.ru/exam/photo_6.html]
[de.ifmo.ru/exam/photo_5.html]
[de.ifmo.ru/--doc/vl.zip]
[de.ifmo.ru/index85c9.html]
[de.ifmo.ru/exam/test.html]
[de.ifmo.ru/exam/help.html]
[de.ifmo.ru/index9c80.html]
[de.ifmo.ru/--doc/tz_47.pdf]
[de.ifmo.ru/--doc/umk_z2004.zip]
[de.ifmo.ru/--doc/tz_46.pdf]
[de.ifmo.ru/index35e7.html]
[de.ifmo.ru/exam/index.html]
[de.ifmo.ru/--doc/tz_42.pdf]
[de.ifmo.ru/indexf2b6.html]
[de.ifmo.ru/index81b5.html]
[de.ifmo.ru/index5c9b.html]
[de.ifmo.ru/--doc/tz_lab.zip]
[de.ifmo.ru/indexfe80.html]
[de.ifmo.ru/indexd2a1.html]
[de.ifmo.ru/--doc/metod_cde_09.pdf]
[de.ifmo.ru/index4b79.html]
[de.ifmo.ru/index857a.html]
[de.ifmo.ru/index8a73.html]
[de.ifmo.ru/bk_netra/select.html]
[de.ifmo.ru/--images/logo.book.gif]
[de.ifmo.ru/index54cd.html]
[de.ifmo.ru/--help/bookhelp.html]
[de.ifmo.ru/servlet/index92b9.html]
[de.ifmo.ru/index6f17.html]
[de.ifmo.ru/--help/shed_help.html]
[de.ifmo.ru/--doc/-blank_zayavki.html]
[de.ifmo.ru/index5f0d.html]
[de.ifmo.ru/--doc/zayav04.zip]
[de.ifmo.ru/indexa276.html]
[de.ifmo.ru/indexe44b.html]
[de.ifmo.ru/index26e8.html]
[de.ifmo.ru/--doc/ExamplesTextBook.zip]
[de.ifmo.ru/--doc/ExamplesInfoResource.zip]
[de.ifmo.ru/--doc/ExamplesTest.zip]
[de.ifmo.ru/--doc/ExamplesLaboratory.zip]
[de.ifmo.ru/--doc/ExamplesPractice.zip]
[de.ifmo.ru/--doc/TestFrames.xlt]
[de.ifmo.ru/--doc/Tests.xlt]
[de.ifmo.ru/index3b9f.html]
[de.ifmo.ru/validator/index.html]
[de.ifmo.ru/index3ab0.html]
[de.ifmo.ru/index7938.html]
[de.ifmo.ru/indexb044.html]
[de.ifmo.ru/index0b4a.html]
[de.ifmo.ru/indexe357.html]
[de.ifmo.ru/index497d.html]
[de.ifmo.ru/index363d.html]
[de.ifmo.ru/index3980.html]
[de.ifmo.ru/index96b6.html]
[de.ifmo.ru/indexdf4b.html]
[de.ifmo.ru/indexbaeb.html]
[de.ifmo.ru/index5756.html]
[de.ifmo.ru/indexa5b1.html]
[de.ifmo.ru/indexa397.html]
[de.ifmo.ru/index51a6.html]
[de.ifmo.ru/indexaf87.html]
[de.ifmo.ru/indexc341.html]
[de.ifmo.ru/indexdab2.html]
[de.ifmo.ru/index711f.html]
[de.ifmo.ru/indexdfe5.html]
[de.ifmo.ru/indexaf77.html]
[de.ifmo.ru/index1e09.html]
[de.ifmo.ru/indexf85e.html]
[de.ifmo.ru/index1a3f.html]
[de.ifmo.ru/index2d7e.html]
[de.ifmo.ru/index06e2.html]
[de.ifmo.ru/index4a4b.html]
[de.ifmo.ru/index01fb.html]
[de.ifmo.ru/index8f70.html]
[de.ifmo.ru/index7b82.html]
[de.ifmo.ru/index0e88.html]
[de.ifmo.ru/indexc2e4.html]
[de.ifmo.ru/indexe48f.html]
[de.ifmo.ru/index7be3.html]
[de.ifmo.ru/index683d.html]
[de.ifmo.ru/indexe954.html]
[de.ifmo.ru/index82a7.html]
[de.ifmo.ru/indexe6f9.html]
[de.ifmo.ru/indexdecf.html]
[de.ifmo.ru/index5a05.html]
[de.ifmo.ru/indexda29.html]
[de.ifmo.ru/index28f5.html]
[de.ifmo.ru/index6374.html]
[de.ifmo.ru/index947c.html]
[de.ifmo.ru/index56ae.html]
[de.ifmo.ru/index7368.html]
[de.ifmo.ru/indexbed0.html]
[de.ifmo.ru/indexbaa1.html]
[de.ifmo.ru/index70a5.html]
[de.ifmo.ru/index5604.html]
[de.ifmo.ru/index4cda.html]
[de.ifmo.ru/indexe37b.html]
[de.ifmo.ru/index25f1.html]
[de.ifmo.ru/index2567.html]
[de.ifmo.ru/indexf466.html]
[de.ifmo.ru/index4742.html]
[de.ifmo.ru/indexdf06.html]
[de.ifmo.ru/index5de2.html]
[de.ifmo.ru/indexcbba.html]
[de.ifmo.ru/indexc6c4.html]
[de.ifmo.ru/--images/icon_cde_android.png]
[de.ifmo.ru/indexd74e.html]
[de.ifmo.ru/--images/icon_cde_ios.jpg]
[de.ifmo.ru/--images/cdoicon.png]
[de.ifmo.ru/--images/schedule.png]
[de.ifmo.ru/--images/timetable.png]
[de.ifmo.ru/--images/ITMO_Android_s.png]
[de.ifmo.ru/--images/ITMO_iOS_s.png]
[de.ifmo.ru/--images/edxget.png]
[de.ifmo.ru/--images/geometry.png]
[de.ifmo.ru/indexd95c.html]
[de.ifmo.ru/indexe55a.html]
[de.ifmo.ru/api/public/file/css/template_style_dlc2d.css]
[de.ifmo.ru/tools/geometry/index.html]
[de.ifmo.ru/api/public/file/icon/eg_favicon.ico]
[de.ifmo.ru/api/public/file/attach/calendar.js]
[de.ifmo.ru/servlet/index8b96.html]
[de.ifmo.ru/indexd5b5.html]
[de.ifmo.ru/getKeyRegistration.html]
[de.ifmo.ru/--images/newyear_top4.html]
[de.ifmo.ru/--images/newyear_top1.html]
[de.ifmo.ru/--template/none.html]
[de.ifmo.ru/m/min/index74a2.html]
[de.ifmo.ru/m/min/indexc693.html]
[de.ifmo.ru/m/index-2.html]
[de.ifmo.ru/m/indexe7b3.html]
[de.ifmo.ru/m/indexe073.html]
[de.ifmo.ru/m/index3160.html]
[de.ifmo.ru/m/indexfe9c.html]
[de.ifmo.ru/m/index587a.html]
[de.ifmo.ru/m/links/index.html]
[de.ifmo.ru/--doc/report_1_4_1_p3_site.pdf]
[de.ifmo.ru/--data/-cyber-net_2008_05.html]
[de.ifmo.ru/indexec4f.html]
[de.ifmo.ru/exam/photo_8.html]
[de.ifmo.ru/exam/photo_7.html]
[de.ifmo.ru/exam/photo_6.html]
[de.ifmo.ru/exam/photo_5.html]
[de.ifmo.ru/index85c9.html]
[de.ifmo.ru/exam/index.html]
[de.ifmo.ru/exam/test.html]
[de.ifmo.ru/exam/help.html]
[de.ifmo.ru/index9c80.html]
[de.ifmo.ru/index35e7.html]
[de.ifmo.ru/indexf2b6.html]
[de.ifmo.ru/index81b5.html]
[de.ifmo.ru/index5c9b.html]
[de.ifmo.ru/indexc3f1.php]
[de.ifmo.ru/indexfe80.html]
[de.ifmo.ru/indexd2a1.html]
[de.ifmo.ru/index4b79.html]
[de.ifmo.ru/index8a73.html]
[de.ifmo.ru/servlet/index92b9.html]
[de.ifmo.ru/bk_netra/select.html]
[de.ifmo.ru/--help/bookhelp.html]
[de.ifmo.ru/index6f17.html]
[de.ifmo.ru/--help/shed_help.html]
[de.ifmo.ru/--doc/-blank_zayavki.html]
[de.ifmo.ru/indexa276.html]
[de.ifmo.ru/indexe44b.html]
[de.ifmo.ru/index26e8.html]
[de.ifmo.ru/index3ab0.html]
[de.ifmo.ru/index7938.html]
[de.ifmo.ru/index0b4a.html]
[de.ifmo.ru/indexe357.html]
[de.ifmo.ru/index497d.html]
[de.ifmo.ru/index363d.html]
[de.ifmo.ru/index3980.html]
[de.ifmo.ru/index96b6.html]
[de.ifmo.ru/indexdf4b.html]
[de.ifmo.ru/indexbaeb.html]
[de.ifmo.ru/index5756.html]
[de.ifmo.ru/indexa5b1.html]
[de.ifmo.ru/indexa397.html]
[de.ifmo.ru/index51a6.html]
[de.ifmo.ru/indexaf87.html]
[de.ifmo.ru/indexc341.html]
[de.ifmo.ru/indexdab2.html]
[de.ifmo.ru/index711f.html]
[de.ifmo.ru/indexdfe5.html]
[de.ifmo.ru/indexaf77.html]
[de.ifmo.ru/index1e09.html]
[de.ifmo.ru/indexf85e.html]
[de.ifmo.ru/index1a3f.html]
[de.ifmo.ru/index2d7e.html]
[de.ifmo.ru/index06e2.html]
[de.ifmo.ru/index4a4b.html]
[de.ifmo.ru/index01fb.html]
[de.ifmo.ru/index8f70.html]
[de.ifmo.ru/index7b82.html]
[de.ifmo.ru/index0e88.html]
[de.ifmo.ru/indexc2e4.html]
[de.ifmo.ru/indexe48f.html]
[de.ifmo.ru/index7be3.html]
[de.ifmo.ru/index683d.html]
[de.ifmo.ru/indexe954.html]
[de.ifmo.ru/index82a7.html]
[de.ifmo.ru/--images/demoTestFrames_cards_2.png]
[de.ifmo.ru/indexe6f9.html]
[de.ifmo.ru/indexdecf.html]
[de.ifmo.ru/index5a05.html]
[de.ifmo.ru/indexda29.html]
[de.ifmo.ru/index28f5.html]
[de.ifmo.ru/index947c.html]
[de.ifmo.ru/index56ae.html]
[de.ifmo.ru/index7368.html]
[de.ifmo.ru/indexbed0.html]
[de.ifmo.ru/indexbaa1.html]
[de.ifmo.ru/index70a5.html]
[de.ifmo.ru/index5604.html]
[de.ifmo.ru/index4cda.html]
[de.ifmo.ru/indexe37b.html]
[de.ifmo.ru/index2567.html]
[de.ifmo.ru/indexf466.html]
[de.ifmo.ru/index4742.html]
[de.ifmo.ru/indexdf06.html]
[de.ifmo.ru/index5de2.html]
[de.ifmo.ru/indexc6c4.html]
[de.ifmo.ru/indexd74e.html]
[de.ifmo.ru/tools/geometry/index.html]
[de.ifmo.ru/indexc3f1.php]
