[vk.com/index.html]
[vk.com/images/favicon_vkeccb.ico]
[vk.com/images/safari_60.png]
[vk.com/images/safari_76.png]
[vk.com/images/safari_120.png]
[backblue.gif]
[fade.gif]
[index.html]
[vk.com/images/safari_152.png]
[vk.com/badbrowser.html]
[vk.com/css/al/commone223.css]
[vk.com/css/al/index02e7.css]
[vk.com/css/ui_controls3295.css]
[vk.com/js/loader_nav18853_3.js]
[vk.com/js/al/common7fae.js]
[vk.com/js/al/index182b.js]
[vk.com/js/lang3_0aa97.js]
[vk.com/join.html]
[vk.com/js/lib/ui_controls31fe.js]
[vk.com/join-2.html]
[vk.com/al_index.html]
[vk.com/restore]
[vk.com/restore.html]
[vk.com/images/join/prof_vk_ma87f.png]
[vk.com/images/join/news_vk_ma87f.png]
[vk.com/images/join/dial_vk_ma87f.png]
[vk.com/about.html]
[vk.com/supporte04c]
[vk.com/terms.html]
[vk.com/people.html]
[vk.com/communities.html]
[vk.com/dev.html]
[vk.com/index.html]
[vk.com/lang.php]
[vk.com/js/iepngfix_tilebgc4ca.js]
[vk.com/js/iepngfixc4ca.htc]
[vk.com/images/flat_logo.png]
[vk.com/images/flat_logo_vk.png]
[vk.com/images/flat_logo_2x.png]
[vk.com/images/flat_logo_vk_2x.png]
[vk.com/images/chromec4ca.png]
[vk.com/images/firefoxc4ca.png]
[vk.com/badbrowser.html]
[vk.com/images/operac4ca.png]
[vk.com/images/fixedmenuc9f0.gif]
[vk.com/images/vklogo.gif]
[vk.com/js/iepngfix.htc]
[vk.com/images/upload.gif]
[vk.com/images/upload_inv.gif]
[vk.com/images/upload_inv_mini.gif]
[vk.com/images/upload_gray.gif]
[vk.com/images/icons/check.gif]
[vk.com/images/icons/radio.gif]
[vk.com/images/magglass.png]
[vk.com/images/hatfc4ca.gif]
[vk.com/images/hatf_vkc4ca.gif]
[vk.com/images/hatf_vk_rtlc4ca.gif]
[vk.com/images/icons/audio_iconsf.png]
[vk.com/images/hide_left.gif]
[vk.com/images/golden.gif]
[vk.com/images/greenl.gif]
[vk.com/images/redl.gif]
[vk.com/images/bluel.gif]
[vk.com/images/app_play.png]
[vk.com/images/toplinkeccb.gif]
[vk.com/images/backlinka87f.gif]
[vk.com/images/toplinkw.gif]
[vk.com/images/layer_bg_lite.png]
[vk.com/images/layer_bg_medium.png]
[vk.com/images/layer_bg_black.png]
[vk.com/images/upload_inv_mono.gif]
[vk.com/images/boxicon_vk.gif]
[vk.com/images/play.gif]
[vk.com/images/icons/plus_icon3.gif]
[vk.com/images/icons/audio_icons1679.png]
[vk.com/images/icons/qsearch_hintsc4ca.gif]
[vk.com/images/pics/im_tabxc4ca.gif]
[vk.com/images/playpause.gif]
[vk.com/images/photoorder.gif]
[vk.com/images/mv_bg.png]
[vk.com/images/dropbox_arrow.png]
[vk.com/images/icons/rbox_full2c4ca.png]
[vk.com/images/icons/chatsc51c.png]
[vk.com/images/search_icon_d.gif]
[vk.com/images/search_icon.gif]
[vk.com/images/settings_icon.gif]
[vk.com/images/mobile_onlinec4ca.gif]
[vk.com/images/im_emoji45c4.png]
[vk.com/images/profile_iconsaab3.png]
[vk.com/css/al/commone223.css]
[vk.com/images/icons/video_play_compacteccb.png]
[vk.com/images/photonavc4ca.gif]
[vk.com/images/fb_buttonf.png]
[vk.com/images/icons/facebook_btn_icon.png]
[vk.com/css/al/index02e7.css]
[vk.com/images/tag_remove.png]
[vk.com/images/darr_dd_out.gif]
[vk.com/images/wide_dd.gif]
[vk.com/images/darr_dd_disabled.gif]
[vk.com/images/icons/checkc4ca.gif]
[vk.com/images/flydead.gif]
[vk.com/images/flydead_flat.gif]
[vk.com/images/icons/idd_checkc81e.png]
[vk.com/images/icons/idd_cascade_arrowc4ca.png]
[vk.com/css/ui_controls3295.css]
[vk.com/index-2.html]
[vk.com/wkviewa6a6.php]
[vk.com/wkviewacd4.php]
[vk.com/images/icons/prgicon.gif]
[vk.com/activation.php]
[vk.com/activation.php]
[vk.com/activation.php]
[vk.com/pcaptcha.php]
[vk.com/al_friends.php]
[vk.com/al_friends.php]
[vk.com/gifts76bd.php]
[vk.com/friends]
[vk.com/captcha7278.php]
[vk.com/images/error.png]
[vk.com/away9e15.php]
[vk.com/away.php]
[vk.com/loginb91d.html]
[vk.com/login.html]
[vk.com/al_mail.php]
[vk.com/call.php]
[vk.com/hints.php]
[vk.com/gsearch273e.php]
[vk.com/reports36eb.php]
[vk.com/al_gifts.php]
[vk.com/al_photos.php]
[vk.com/al_video.php]
[vk.com/al_video.php]
[vk.com/wkview.php]
[vk.com/al_search.html]
[vk.com/al_login.php]
[vk.com/js/al/common7fae.js]
[vk.com/android-app_/com.vkontakte.android/vkontakte/m.vk.com/index.html]
[vk.com/al_register.html]
[vk.com/js/al/index182b.js]
[vk.com/images/pics/contact_info.png]
[vk.com/js/lib/ui_controls31fe.js]
[vk.com/css/al/join7cbb.css]
[vk.com/js/al/join2665.js]
[vk.com/supporte04c]
[vk.com/join.html]
[vk.com/supporte04c]
[vk.com/join-2.html]
[vk.com/supporte04c]
[vk.com/al_index.html]
[vk.com/css/al/restore9bf3.css]
[vk.com/css/al/login9f61.css]
[vk.com/js/al/restore33e7.js]
[vk.com/restoref74c.html]
[vk.com/supporte04c]
[vk.com/al_login.php]
[vk.com/al_login.php]
[vk.com/al_login.php]
[vk.com/restore.html]
[vk.com/css/al/public14bf.css]
[vk.com/css/al/pagec0f1.css]
[vk.com/css/al/page_fixed1ff1.css]
[vk.com/js/al/publicd9d4.js]
[vk.com/public47200950.html]
[vk.com/wall-47200950_5.html]
[vk.com/page-47200950_44237911.html]
[vk.com/js/al/page6d0f.js]
[vk.com/wall-47200950_3.html]
[vk.com/album-47200950_167200446.html]
[vk.com/album-47200950_167111968.html]
[vk.com/wall-47200950_2.html]
[vk.com/doc6492_239974933a54b.html]
[vk.com/doc6492_239974992f1d9.html]
[vk.com/wall-47200950_1.html]
[vk.com/photo-47200950_314520821.html]
[vk.com/away000f.php]
[vk.com/away000f.php]
[vk.com/away79e9.php]
[vk.com/away79e9.php]
[vk.com/away092f.php]
[vk.com/away092f.php]
[vk.com/away4cd2.php]
[vk.com/away4cd2.php]
[vk.com/away2f48.php]
[vk.com/away2f48.php]
[vk.com/images/contact_32.gif]
[vk.com/writec275]
[vk.com/write96a5]
[vk.com/id34.html]
[vk.com/zhora.html]
[vk.com/help63dd.php]
[vk.com/support9936]
[vk.com/dmca.html]
[vk.com/helpdc18.html]
[vk.com/ads.html]
[vk.com/supporte04c]
[vk.com/groupsedit.php]
[vk.com/about.html]
[vk.com/css/al/help1f0e.css]
[vk.com/js/al/help6512.js]
[vk.com/privacy.html]
[vk.com/licence.html]
[vk.com/help11bd.php]
[vk.com/adsc0b4.html]
[vk.com/supporte04c]
[vk.com/terms.html]
[vk.com/css/al/search8613.css]
[vk.com/js/al/searcheb16.js]
[vk.com/js/lib/selects02e7.js]
[vk.com/rjj.html]
[vk.com/freddurst.html]
[vk.com/supporte04c]
[vk.com/select_ajaxc348.html]
[vk.com/al_video.php]
[vk.com/people.html]
[vk.com/bwart4573.html]
[vk.com/nnbasket4573.html]
[vk.com/iowa4573.html]
[vk.com/championat4573.html]
[vk.com/scientifically4573.html]
[vk.com/bolshoitheatre4573.html]
[vk.com/leninka_ru4573.html]
[vk.com/fcsm_official4573.html]
[vk.com/snapster4573.html]
[vk.com/mushroomova4573.html]
[vk.com/cskabasket4573.html]
[vk.com/intellectual_invasion4573.html]
[vk.com/redbull4573.html]
[vk.com/womday4573.html]
[vk.com/cyberleninka4573.html]
[vk.com/rusradio4573.html]
[vk.com/enrique4573.html]
[vk.com/championsmovie20164573.html]
[vk.com/schalke044573.html]
[vk.com/tochvtoch1tv4573.html]
[vk.com/communities835b.html]
[vk.com/communitiesf11f.html]
[vk.com/communities1206.html]
[vk.com/supporte04c]
[vk.com/al_video.php]
[vk.com/communities.html]
[vk.com/css/al/deve2ef.css]
[vk.com/css/al/wk3416.css]
[vk.com/css/al/wk_editor33e7.css]
[vk.com/js/al/dev32bb.js]
[vk.com/js/al/wk_editord2dd.js]
[vk.com/dev/main.html]
[vk.com/js/api/openapi4c56.js]
[vk.com/apps.10dddef.delayed]
[vk.com/dev/help.html]
[vk.com/dev/terms.html]
[vk.com/dev/health.html]
[vk.com/dev/mobile_apps.html]
[vk.com/dev/sites.html]
[vk.com/dev/native.html]
[vk.com/dev/rules.html]
[vk.com/bugs]
[vk.com/supporte04c]
[vk.com/jobs.html]
[vk.com/supporte04c]
[vk.com/dev.html]
[vk.com/al_pages.html]
[vk.com/js/iepngfix_tilebgc4ca.js]
[vk.com/index-2.html]
[vk.com/errors.html]
[vk.com/js/index.html]
[vk.com/lib/index.html]
[vk.com/al/index.html]
[vk.com/common.html]
[vk.com/POST.html]
[vk.com/ie6.html]
[vk.com/ie7.html]
[vk.com/al_loaderc04a.html]
[vk.com/box.html]
[vk.com/boxes.html]
[vk.com/loginb91d.html]
[vk.com/login.html]
[vk.com/writebox.html]
[vk.com/wide_dd.html]
[vk.com/page.html]
[vk.com/emoji.html]
[vk.com/call.html]
[vk.com/notifier.html]
[vk.com/qsearch.html]
[vk.com/ui_controls.html]
[vk.com/photoview.html]
[vk.com/page-2.html]
[vk.com/video.html]
[vk.com/photoview-2.html]
[vk.com/videoview.html]
[vk.com/videocat.html]
[vk.com/videocat-2.html]
[vk.com/videoview-2.html]
[vk.com/wkview.html]
[vk.com/wk.html]
[vk.com/wysiwyg.html]
[vk.com/wysiwyg-2.html]
[vk.com/apps.html]
[vk.com/al_search.html]
[vk.com/pads.html]
[vk.com/pads_im.html]
[vk.com/pads_im-2.html]
[vk.com/pp.vk.html]
[vk.com/ui_controls-2.html]
[vk.com/al_register.html]
[vk.com/index-3.html]
[vk.com/css/al/join7cbb.css]
[vk.com/android-app_/com.vkontakte.android/vkontakte/m.vk.com/join.html]
[vk.com/js/al/join2665.js]
[vk.com/css/al/restore9bf3.css]
[vk.com/css/al/login9f61.css]
[vk.com/android-app_/com.vkontakte.android/vkontakte/m.vk.com/restore.html]
[vk.com/js/al/restore33e7.js]
[vk.com/restoref74c.html]
[vk.com/css/al/public14bf.css]
[vk.com/css/al/pagec0f1.css]
[vk.com/css/al/aboutc4ca.css]
[vk.com/css/al/page_fixed1ff1.css]
[vk.com/android-app_/com.vkontakte.android/vkontakte/m.vk.com/public47200950.html]
[vk.com/js/al/publicd9d4.js]
[vk.com/js/al/page6d0f.js]
[vk.com/public47200950.html]
[vk.com/wall-47200950_5.html]
[vk.com/page-47200950_44237911.html]
[vk.com/wall-47200950_3.html]
[vk.com/album-47200950_167200446.html]
[vk.com/album-47200950_167111968.html]
[vk.com/wall-47200950_2.html]
[vk.com/doc6492_239974933a54b.html]
[vk.com/doc6492_239974992f1d9.html]
[vk.com/wall-47200950_1.html]
[vk.com/photo-47200950_314520821.html]
[vk.com/id34.html]
[vk.com/zhora.html]
[vk.com/dmca.html]
[vk.com/helpdc18.html]
[vk.com/ads.html]
[vk.com/css/al/help1f0e.css]
[vk.com/android-app_/com.vkontakte.android/vkontakte/m.vk.com/terms.html]
[vk.com/js/al/help6512.js]
[vk.com/privacy.html]
[vk.com/licence.html]
[vk.com/id.html]
[vk.com/adsc0b4.html]
[vk.com/css/al/search8613.css]
[vk.com/android-app_/com.vkontakte.android/vkontakte/m.vk.com/search.html]
[vk.com/js/al/searcheb16.js]
[vk.com/js/lib/selects02e7.js]
[vk.com/rjj.html]
[vk.com/freddurst.html]
[vk.com/select_ajaxc348.html]
[vk.com/bwart4573.html]
[vk.com/nnbasket4573.html]
[vk.com/iowa4573.html]
[vk.com/championat4573.html]
[vk.com/scientifically4573.html]
[vk.com/bolshoitheatre4573.html]
[vk.com/leninka_ru4573.html]
[vk.com/fcsm_official4573.html]
[vk.com/snapster4573.html]
[vk.com/mushroomova4573.html]
[vk.com/cskabasket4573.html]
[vk.com/intellectual_invasion4573.html]
[vk.com/redbull4573.html]
[vk.com/womday4573.html]
[vk.com/cyberleninka4573.html]
[vk.com/rusradio4573.html]
[vk.com/enrique4573.html]
[vk.com/championsmovie20164573.html]
[vk.com/schalke044573.html]
[vk.com/tochvtoch1tv4573.html]
[vk.com/communities835b.html]
[vk.com/communitiesf11f.html]
[vk.com/communities1206.html]
[vk.com/css/al/deve2ef.css]
[vk.com/css/al/wk3416.css]
[vk.com/css/al/wk_editor33e7.css]
[vk.com/js/al/dev32bb.js]
[vk.com/js/al/wkaab3.js]
[vk.com/js/al/wk_editord2dd.js]
[vk.com/js/api/openapi4c56.js]
[vk.com/dev/main.html]
[vk.com/dev/help.html]
[vk.com/dev/terms.html]
[vk.com/dev/health.html]
[vk.com/dev/mobile_apps.html]
[vk.com/dev/sites.html]
[vk.com/dev/native.html]
[vk.com/dev/rules.html]
[vk.com/jobs.html]
[vk.com/storage.html]
[vk.com/al_pages.html]
